It is [pos]sible to move the furniture.
It is [pos]sible to move the furniture.
The furniture can[not] be moved.
It is [pos]sible to move the furniture.
The furniture can[not] be moved.
The furniture can[not] be moved.
It is [pos]sible to move the furniture.
It is [pos]sible to move the furniture.
The furniture can[not] be moved.
The furniture can[not] be moved.
The furniture can[not] be moved.
The furniture can[not] be moved.
The furniture can[not] be moved.
The furniture can[not] be moved.
The furniture can[not] be moved.
The furniture can[not] be moved.
The furniture can[not] be moved.
The furniture can[not] be moved.
The furniture can[not] be moved.
The furniture can[not] be moved.
The furniture can[not] be moved.
The furniture can[not] be moved.
The furniture can[not] be moved.
The furniture can[not] be moved.
The furniture can[not] be moved.
The furniture can[not] be moved.
The furniture can[not] be moved.
The furniture can[not] be moved.
The furniture can[not] be moved.
The furniture can[not] be moved.
The furniture can[not] be moved.
The furniture can[not] be moved.
The furniture can[not] be moved.
The furniture can[not] be moved.
The furniture can[not] be moved.
The furniture can[not] be moved.
The furniture can[not] be moved.
The furniture can[not] be moved.
The furniture can[not] be moved.
The furniture can[not] be moved.
The furniture can[not] be moved.
The furniture can[not] be moved.
The furniture can[not] be moved.
The furniture can[not] be moved.
The furniture can[not] be moved.
The furniture can[not] be moved.
The furniture can[not] be moved.
The furniture can[not] be moved.
The furniture can[not] be moved.
The furniture can[not] be moved.
The furniture can[not] be moved.
The furniture can[not] be moved.
The furniture can[not] be moved.
The furniture can[not] be moved.
The furniture can[not] be moved.
The furniture can[not] be moved.
The furniture can[not] be moved.
The furniture can[not] be moved.
The furniture can[not] be moved.
The furniture can[not] be moved.
The furniture can[not] be moved.
The furniture can[not] be moved.
The furniture can[not] be moved.
The furniture can[not] be moved.
The furniture can[not] be moved.
The furniture can[not] be moved.
The furniture can[not] be moved.
The furniture can[not] be moved.
The furniture can[not] be moved.
The furniture can[not] be moved.
The furniture can[not] be moved.
The furniture can[not] be moved.
The furniture can[not] be moved.
The furniture can[not] be moved.
The furniture can[not] be moved.
The furniture can[not] be moved.
The furniture can[not] be moved.
The furniture can[not] be moved.
The furniture can[not] be moved.
The furniture can[not] be moved.
The furniture can[not] be moved.
The furniture can[not] be moved.
The furniture can[not] be moved.
The furniture can[not] be moved.
The furniture can[not] be moved.
The furniture can[not] be moved.
The furniture can[not] be moved.
The furniture can[not] be moved.
The furniture can[not] be moved.
The furniture can[not] be moved.
The furniture can[not] be moved.
The furniture can[not] be moved.
The furniture can[not] be moved.
The furniture can[not] be moved.
The furniture can[not] be moved.
The furniture can[not] be moved.
The furniture can[not] be moved.
The furniture can[not] be moved.
The furniture can[not] be moved.
The furniture can[not] be moved.
The furniture can[not] be moved.
The furniture can[not] be moved.
The furniture can[not] be moved.
The furniture can[not] be moved.
The furniture can[not] be moved.
The furniture can[not] be moved.
The furniture can[not] be moved.
The furniture can[not] be moved.
The furniture can[not] be moved.
The furniture can[not] be moved.
The furniture can[not] be moved.
The furniture can[not] be moved.
The furniture can[not] be moved.
The furniture can[not] be moved.
The furniture can[not] be moved.
The furniture can[not] be moved.
The furniture can[not] be moved.
The furniture can[not] be moved.
The furniture can[not] be moved.
The furniture can[not] be moved.
The furniture can[not] be moved.
The furniture can[not] be moved.
The furniture can[not] be moved.
The furniture can[not] be moved.
The furniture can[not] be moved.
The furniture can[not] be moved.
The furniture can[not] be moved.
The furniture can[not] be moved.
The furniture can[not] be moved.
The furniture can[not] be moved.
The furniture can[not] be moved.
The furniture can[not] be moved.
The furniture can[not] be moved.
The furniture can[not] be moved.
The furniture can[not] be moved.
The furniture can[not] be moved.
The furniture can[not] be moved.
The furniture can[not] be moved.
The furniture can[not] be moved.
The furniture can[not] be moved.
The furniture can[not] be moved.
The furniture can[not] be moved.
The furniture can[not] be moved.
The furniture can[not] be moved.
The furniture can[not] be moved.
The furniture can[not] be moved.
The furniture can[not] be moved.
The furniture can[not] be moved.
The furniture can[not] be moved.
The furniture can[not] be moved.
The furniture can[not] be moved.
The furniture can[not] be moved.
The furniture can[not] be moved.
The furniture can[not] be moved.
The furniture can[not] be moved.
The furniture can[not] be moved.
The furniture can[not] be moved.
The furniture can[not] be moved.
The furniture can[not] be moved.
The furniture can[not] be moved.
The furniture can[not] be moved.
The furniture can[not] be moved.
The furniture can[not] be moved.
The furniture can[not] be moved.
The furniture can[not] be moved.
The furniture can[not] be moved.
The furniture can[not] be moved.
The furniture can[not] be moved.
The furniture can[not] be moved.
The furniture can[not] be moved.
The furniture can[not] be moved.
The furniture can[not] be moved.
The furniture can[not] be moved.
The furniture can[not] be moved.
The furniture can[not] be moved.
The furniture can[not] be moved.
The furniture can[not] be moved.
The furniture can[not] be moved.
The furniture can[not] be moved.
The furniture can[not] be moved.
The furniture can[not] be moved.
The furniture can[not] be moved.
The furniture can[not] be moved.
The furniture can[not] be moved.
The furniture can[not] be moved.
The furniture can[not] be moved.
The furniture can[not] be moved.
The furniture can[not] be moved.
The furniture can[not] be moved.
The furniture can[not] be moved.
The furniture can[not] be moved.
The furniture can[not] be moved.
The furniture can[not] be moved.
The furniture can[not] be moved.
The furniture can[not] be moved.
The furniture can[not] be moved.
The furniture can[not] be moved.
The furniture can[not] be moved.
The furniture can[not] be moved.
The furniture can[not] be moved.
The furniture can[not] be moved.
The furniture can[not] be moved.
The furniture can[not] be moved.
The furniture can[not] be moved.
The furniture can[not] be moved.
The furniture can[not] be moved.
The furniture can[not] be moved.
The furniture can[not] be moved.
The furniture can[not] be moved.
The furniture can[not] be moved.
The furniture can[not] be moved.
The furniture can[not] be moved.
The furniture can[not] be moved.
The furniture can[not] be moved.
The furniture can[not] be moved.
The furniture can[not] be moved.
The furniture can[not] be moved.
The furniture can[not] be moved.
The furniture can[not] be moved.
The furniture can[not] be moved.
The furniture can[not] be moved.
The furniture can[not] be moved.
The furniture can[not] be moved.
The furniture can[not] be moved.
The furniture can[not] be moved.
The furniture can[not] be moved.
The furniture can[not] be moved.
The furniture can[not] be moved.
The furniture can[not] be moved.
The furniture can[not] be moved.
The furniture can[not] be moved.
The furniture can[not] be moved.
The furniture can[not] be moved.
The furniture can[not] be moved.
The furniture can[not] be moved.
The furniture can[not] be moved.
The furniture can[not] be moved.
The furniture can[not] be moved.
The furniture can[not] be moved.
The furniture can[not] be moved.
The furniture can[not] be moved.
The furniture can[not] be moved.
The furniture can[not] be moved.
The furniture can[not] be moved.
The furniture can[not] be moved.
The furniture can[not] be moved.
The furniture can[not] be moved.
The furniture can[not] be moved.
The furniture can[not] be moved.
The furniture can[not] be moved.
The furniture can[not] be moved.
The furniture can[not] be moved.
The furniture can[not] be moved.
The furniture can[not] be moved.
The furniture can[not] be moved.
The furniture can[not] be moved.
The furniture can[not] be moved.
The furniture can[not] be moved.
The furniture can[not] be moved.
The furniture can[not] be moved.
The furniture can[not] be moved.
The furniture can[not] be moved.
The furniture can[not] be moved.
The furniture can[not] be moved.
The furniture can[not] be moved.
The furniture can[not] be moved.
The furniture can[not] be moved.
The furniture can[not] be moved.
The furniture can[not] be moved.
The furniture can[not] be moved.
The furniture can[not] be moved.
The furniture can[not] be moved.
The furniture can[not] be moved.
The furniture can[not] be moved.
The furniture can[not] be moved.
The furniture can[not] be moved.
The furniture can[not] be moved.
The furniture can[not] be moved.
The furniture can[not] be moved.
The furniture can[not] be moved.
The furniture can[not] be moved.
The furniture can[not] be moved.
The furniture can[not] be moved.
The furniture can[not] be moved.
The furniture can[not] be moved.
The furniture can[not] be moved.
The furniture can[not] be moved.
The furniture can[not] be moved.
The furniture can[not] be moved.
The furniture can[not] be moved.
The furniture can[not] be moved.
The furniture can[not] be moved.
The furniture can[not] be moved.
The furniture can[not] be moved.
The furniture can[not] be moved.
The furniture can[not] be moved.
The furniture can[not] be moved.
The furniture can[not] be moved.
The furniture can[not] be moved.
The furniture can[not] be moved.
The furniture can[not] be moved.
The furniture can[not] be moved.
The furniture can[not] be moved.
The furniture can[not] be moved.
The furniture can[not] be moved.
The furniture can[not] be moved.
The furniture can[not] be moved.
The furniture can[not] be moved.
The furniture can[not] be moved.
The furniture can[not] be moved.
The furniture can[not] be moved.
The furniture can[not] be moved.
The furniture can[not] be moved.
The furniture can[not] be moved.
The furniture can[not] be moved.
The furniture can[not] be moved.
The furniture can[not] be moved.
The furniture can[not] be moved.
The furniture can[not] be moved.
The furniture can[not] be moved.
The furniture can[not] be moved.
The furniture can[not] be moved.
The furniture can[not] be moved.
The furniture can[not] be moved.
The furniture can[not] be moved.
The furniture can[not] be moved.
The furniture can[not] be moved.
The furniture can[not] be moved.
The furniture can[not] be moved.
The furniture can[not] be moved.
The furniture can[not] be moved.
The furniture can[not] be moved.
The furniture can[not] be moved.
The furniture can[not] be moved.
The furniture can[not] be moved.
The furniture can[not] be moved.
The furniture can[not] be moved.
The furniture can[not] be moved.
The furniture can[not] be moved.
The furniture can[not] be moved.
The furniture can[not] be moved.
The furniture can[not] be moved.
The furniture can[not] be moved.
The furniture can[not] be moved.
The furniture can[not] be moved.
The furniture can[not] be moved.
The furniture can[not] be moved.
The furniture can[not] be moved.
The furniture can[not] be moved.
The furniture can[not] be moved.
The furniture can[not] be moved.
The furniture can[not] be moved.
The furniture can[not] be moved.
The furniture can[not] be moved.
The furniture can[not] be moved.
The furniture can[not] be moved.
The furniture can[not] be moved.
The furniture can[not] be moved.
The furniture can[not] be moved.
The furniture can[not] be moved.
The furniture can[not] be moved.
The furniture can[not] be moved.
The furniture can[not] be moved.
The furniture can[not] be moved.
The furniture can[not] be moved.
The furniture can[not] be moved.
The furniture can[not] be moved.
The furniture can[not] be moved.
The furniture can[not] be moved.
The furniture can[not] be moved.
The furniture can[not] be moved.
The furniture can[not] be moved.
The furniture can[not] be moved.
The furniture can[not] be moved.
The furniture can[not] be moved.
The furniture can[not] be moved.
The furniture can[not] be moved.
The furniture can[not] be moved.
The furniture can[not] be moved.
The furniture can[not] be moved.
The furniture can[not] be moved.
The furniture can[not] be moved.
The furniture can[not] be moved.
The furniture can[not] be moved.
The furniture can[not] be moved.
The furniture can[not] be moved.
The furniture can[not] be moved.
The furniture can[not] be moved.
The furniture can[not] be moved.
The furniture can[not] be moved.
The furniture can[not] be moved.
The furniture can[not] be moved.
The furniture can[not] be moved.
The furniture can[not] be moved.
The furniture can[not] be moved.
The furniture can[not] be moved.
The furniture can[not] be moved.
The furniture can[not] be moved.
The furniture can[not] be moved.
The furniture can[not] be moved.
The furniture can[not] be moved.
The furniture can[not] be moved.
The furniture can[not] be moved.
The furniture can[not] be moved.
The furniture can[not] be moved.
The furniture can[not] be moved.
The furniture can[not] be moved.
The furniture can[not] be moved.
The furniture can[not] be moved.
The furniture can[not] be moved.
The furniture can[not] be moved.
The furniture can[not] be moved.
The furniture can[not] be moved.
The furniture can[not] be moved.
The furniture can[not] be moved.
The furniture can[not] be moved.
The furniture can[not] be moved.
The furniture can[not] be moved.
The furniture can[not] be moved.
The furniture can[not] be moved.
The furniture can[not] be moved.
The furniture can[not] be moved.
The furniture can[not] be moved.
The furniture can[not] be moved.
The furniture can[not] be moved.
The furniture can[not] be moved.
The furniture can[not] be moved.
The furniture can[not] be moved.
The furniture can[not] be moved.
The furniture can[not] be moved.
The furniture can[not] be moved.
The furniture can[not] be moved.
The furniture can[not] be moved.
The furniture can[not] be moved.
The furniture can[not] be moved.
The furniture can[not] be moved.
The furniture can[not] be moved.
The furniture can[not] be moved.
The furniture can[not] be moved.
The furniture can[not] be moved.
The furniture can[not] be moved.
The furniture can[not] be moved.
The furniture can[not] be moved.
The furniture can[not] be moved.
The furniture can[not] be moved.
The furniture can[not] be moved.
The furniture can[not] be moved.
The furniture can[not] be moved.
The furniture can[not] be moved.
The furniture can[not] be moved.
The furniture can[not] be moved.
The furniture can[not] be moved.
The furniture can[not] be moved.
The furniture can[not] be moved.
The furniture can[not] be moved.
The furniture can[not] be moved.
The furniture can[not] be moved.
The furniture can[not] be moved.
The furniture can[not] be moved.
The furniture can[not] be moved.
The furniture can[not] be moved.
The furniture can[not] be moved.
The furniture can[not] be moved.
The furniture can[not] be moved.
The furniture can[not] be moved.
The furniture can[not] be moved.
The furniture can[not] be moved.
The furniture can[not] be moved.
The furniture can[not] be moved.
The furniture can[not] be moved.
The furniture can[not] be moved.
The furniture can[not] be moved.
The furniture can[not] be moved.
The furniture can[not] be moved.
The furniture can[not] be moved.
The furniture can[not] be moved.
The furniture can[not] be moved.
The furniture can[not] be moved.
The furniture can[not] be moved.
The furniture can[not] be moved.
The furniture can[not] be moved.
The furniture can[not] be moved.
The furniture can[not] be moved.
The furniture can[not] be moved.
The furniture can[not] be moved.
The furniture can[not] be moved.
The furniture can[not] be moved.
The furniture can[not] be moved.
The furniture can[not] be moved.
The furniture can[not] be moved.
The furniture can[not] be moved.
The furniture can[not] be moved.
The furniture can[not] be moved.
The furniture can[not] be moved.
The furniture can[not] be moved.
The furniture can[not] be moved.
The furniture can[not] be moved.
The furniture can[not] be moved.
The furniture can[not] be moved.
The furniture can[not] be moved.
The furniture can[not] be moved.
The furniture can[not] be moved.
The furniture can[not] be moved.
The furniture can[not] be moved.
The furniture can[not] be moved.
The furniture can[not] be moved.
The furniture can[not] be moved.
The furniture can[not] be moved.
The furniture can[not] be moved.
The furniture can[not] be moved.
The furniture can[not] be moved.
The furniture can[not] be moved.
The furniture can[not] be moved.
The furniture can[not] be moved.
The furniture can[not] be moved.
The furniture can[not] be moved.
The furniture can[not] be moved.
The furniture can[not] be moved.
The furniture can[not] be moved.
The furniture can[not] be moved.
The furniture can[not] be moved.
The furniture can[not] be moved.
The furniture can[not] be moved.
The furniture can[not] be moved.
The furniture can[not] be moved.
The furniture can[not] be moved.
The furniture can[not] be moved.
The furniture can[not] be moved.
The furniture can[not] be moved.
The furniture can[not] be moved.
The furniture can[not] be moved.
The furniture can[not] be moved.
The furniture can[not] be moved.
The furniture can[not] be moved.
The furniture can[not] be moved.
The furniture can[not] be moved.
The furniture can[not] be moved.
The furniture can[not] be moved.
The furniture can[not] be moved.
The furniture can[not] be moved.
The furniture can[not] be moved.
The furniture can[not] be moved.
The furniture can[not] be moved.
The furniture can[not] be moved.
The furniture can[not] be moved.
The furniture can[not] be moved.
The furniture can[not] be moved.
The furniture can[not] be moved.
The furniture can[not] be moved.
The furniture can[not] be moved.
The furniture can[not] be moved.
The furniture can[not] be moved.
The furniture can[not] be moved.
The furniture can[not] be moved.
The furniture can[not] be moved.
The furniture can[not] be moved.
The furniture can[not] be moved.
The furniture can[not] be moved.
The furniture can[not] be moved.
The furniture can[not] be moved.
The furniture can[not] be moved.
The furniture can[not] be moved.
The furniture can[not] be moved.
The furniture can[not] be moved.
The furniture can[not] be moved.
The furniture can[not] be moved.
The furniture can[not] be moved.
The furniture can[not] be moved.
The furniture can[not] be moved.
The furniture can[not] be moved.
The furniture can[not] be moved.
The furniture can[not] be moved.
The furniture can[not] be moved.
The furniture can[not] be moved.
The furniture can[not] be moved.
The furniture can[not] be moved.
The furniture can[not] be moved.
The furniture can[not] be moved.
The furniture can[not] be moved.
The furniture can[not] be moved.
The furniture can[not] be moved.
The furniture can[not] be moved.
The furniture can[not] be moved.
The furniture can[not] be moved.
The furniture can[not] be moved.
The furniture can[not] be moved.
The furniture can[not] be moved.
The furniture can[not] be moved.
The furniture can[not] be moved.
The furniture can[not] be moved.
The furniture can[not] be moved.
The furniture can[not] be moved.
The furniture can[not] be moved.
The furniture can[not] be moved.
The furniture can[not] be moved.
The furniture can[not] be moved.
The furniture can[not] be moved.
The furniture can[not] be moved.
The furniture can[not] be moved.
The furniture can[not] be moved.
The furniture can[not] be moved.
The furniture can[not] be moved.
The furniture can[not] be moved.
The furniture can[not] be moved.
The furniture can[not] be moved.
The furniture can[not] be moved.
The furniture can[not] be moved.
The furniture can[not] be moved.
The furniture can[not] be moved.
The furniture can[not] be moved.
The furniture can[not] be moved.
The furniture can[not] be moved.
The furniture can[not] be moved.
The furniture can[not] be moved.
The furniture can[not] be moved.
The furniture can[not] be moved.
The furniture can[not] be moved.
The furniture can[not] be moved.
The furniture can[not] be moved.
The furniture can[not] be moved.
The furniture can[not] be moved.
The furniture can[not] be moved.
The furniture can[not] be moved.
The furniture can[not] be moved.
The furniture can[not] be moved.
The furniture can[not] be moved.
The furniture can[not] be moved.
The furniture can[not] be moved.
The furniture can[not] be moved.
The furniture can[not] be moved.
The furniture can[not] be moved.
The furniture can[not] be moved.
The furniture can[not] be moved.
The furniture can[not] be moved.
The furniture can[not] be moved.
The furniture can[not] be moved.
The furniture can[not] be moved.
The furniture can[not] be moved.
The furniture can[not] be moved.
The furniture can[not] be moved.
The furniture can[not] be moved.
The furniture can[not] be moved.
The furniture can[not] be moved.
The furniture can[not] be moved.
The furniture can[not] be moved.
The furniture can[not] be moved.
The furniture can[not] be moved.
The furniture can[not] be moved.
The furniture can[not] be moved.
The furniture can[not] be moved.
The furniture can[not] be moved.
The furniture can[not] be moved.
The furniture can[not] be moved.
The furniture can[not] be moved.
The furniture can[not] be moved.
The furniture can[not] be moved.
The furniture can[not] be moved.
The furniture can[not] be moved.
The furniture can[not] be moved.
The furniture can[not] be moved.
The furniture can[not] be moved.
The furniture can[not] be moved.
The furniture can[not] be moved.
The furniture can[not] be moved.
The furniture can[not] be moved.
The furniture can[not] be moved.
The furniture can[not] be moved.
The furniture can[not] be moved.
The furniture can[not] be moved.
The furniture can[not] be moved.
The furniture can[not] be moved.
The furniture can[not] be moved.
The furniture can[not] be moved.
The furniture can[not] be moved.
The furniture can[not] be moved.
The furniture can[not] be moved.
The furniture can[not] be moved.
The furniture can[not] be moved.
The furniture can[not] be moved.
The furniture can[not] be moved.
The furniture can[not] be moved.
The furniture can[not] be moved.
The furniture can[not] be moved.
The furniture can[not] be moved.
The furniture can[not] be moved.
The furniture can[not] be moved.
The furniture can[not] be moved.
The furniture can[not] be moved.
The furniture can[not] be moved.
The furniture can[not] be moved.
The furniture can[not] be moved.
The furniture can[not] be moved.
The furniture can[not] be moved.
The furniture can[not] be moved.
The furniture can[not] be moved.
The furniture can[not] be moved.
The furniture can[not] be moved.
The furniture can[not] be moved.
The furniture can[not] be moved.
The furniture can[not] be moved.
The furniture can[not] be moved.
The furniture can[not] be moved.
The furniture can[not] be moved.
The furniture can[not] be moved.
The furniture can[not] be moved.
The furniture can[not] be moved.
The furniture can[not] be moved.
The furniture can[not] be moved.
The furniture can[not] be moved.
The furniture can[not] be moved.
The furniture can[not] be moved.
The furniture can[not] be moved.
The furniture can[not] be moved.
The furniture can[not] be moved.
The furniture can[not] be moved.
The furniture can[not] be moved.
The furniture can[not] be moved.
The furniture can[not] be moved.
The furniture can[not] be moved.
The furniture can[not] be moved.
The furniture can[not] be moved.
The furniture can[not] be moved.
The furniture can[not] be moved.
The furniture can[not] be moved.
The furniture can[not] be moved.
The furniture can[not] be moved.
The furniture can[not] be moved.
The furniture can[not] be moved.
The furniture can[not] be moved.
The furniture can[not] be moved.
The furniture can[not] be moved.
The furniture can[not] be moved.
The furniture can[not] be moved.
The furniture can[not] be moved.
The furniture can[not] be moved.
The furniture can[not] be moved.
The furniture can[not] be moved.
The furniture can[not] be moved.
The furniture can[not] be moved.
The furniture can[not] be moved.
The furniture can[not] be moved.
The furniture can[not] be moved.
The furniture can[not] be moved.
The furniture can[not] be moved.
The furniture can[not] be moved.
The furniture can[not] be moved.
The furniture can[not] be moved.
The furniture can[not] be moved.
The furniture can[not] be moved.
The furniture can[not] be moved.
The furniture can[not] be moved.
The furniture can[not] be moved.
The furniture can[not] be moved.
The furniture can[not] be moved.
The furniture can[not] be moved.
The furniture can[not] be moved.
The furniture can[not] be moved.
The furniture can[not] be moved.
The furniture can[not] be moved.
The furniture can[not] be moved.
The furniture can[not] be moved.
The furniture can[not] be moved.
The furniture can[not] be moved.
The furniture can[not] be moved.
The furniture can[not] be moved.
The furniture can[not] be moved.
The furniture can[not] be moved.
The furniture can[not] be moved.
The furniture can[not] be moved.
The furniture can[not] be moved.
The furniture can[not] be moved.
The furniture can[not] be moved.
The furniture can[not] be moved.
The furniture can[not] be moved.
The furniture can[not] be moved.
The furniture can[not] be moved.
The furniture can[not] be moved.
The furniture can[not] be moved.
The furniture can[not] be moved.
The furniture can[not] be moved.
The furniture can[not] be moved.
The furniture can[not] be moved.
The furniture can[not] be moved.
The furniture can[not] be moved.
The furniture can[not] be moved.
The furniture can[not] be moved.
The furniture can[not] be moved.
The furniture can[not] be moved.
The furniture can[not] be moved.
The furniture can[not] be moved.
The furniture can[not] be moved.
The furniture can[not] be moved.
The furniture can[not] be moved.
The furniture can[not] be moved.
The furniture can[not] be moved.
The furniture can[not] be moved.
The furniture can[not] be moved.
The furniture can[not] be moved.
The furniture can[not] be moved.
The furniture can[not] be moved.
The furniture can[not] be moved.
The furniture can[not] be moved.
The furniture can[not] be moved.
The furniture can[not] be moved.
The furniture can[not] be moved.
The furniture can[not] be moved.
The furniture can[not] be moved.
The furniture can[not] be moved.
The furniture can[not] be moved.
The furniture can[not] be moved.
The furniture can[not] be moved.
The furniture can[not] be moved.
The furniture can[not] be moved.
The furniture can[not] be moved.
The furniture can[not] be moved.
The furniture can[not] be moved.
The furniture can[not] be moved.
The furniture can[not] be moved.
The furniture can[not] be moved.
The furniture can[not] be moved.
The furniture can[not] be moved.
The furniture can[not] be moved.
The furniture can[not] be moved.
The furniture can[not] be moved.
The furniture can[not] be moved.
The furniture can[not] be moved.
The furniture can[not] be moved.
The furniture can[not] be moved.
The furniture can[not] be moved.
The furniture can[not] be moved.
The furniture can[not] be moved.
The furniture can[not] be moved.
The furniture can[not] be moved.
The furniture can[not] be moved.
The furniture can[not] be moved.
The furniture can[not] be moved.
The furniture can[not] be moved.
The furniture can[not] be moved.
The furniture can[not] be moved.
The furniture can[not] be moved.
The furniture can[not] be moved.
The furniture can[not] be moved.
The furniture can[not] be moved.
The furniture can[not] be moved.
The furniture can[not] be moved.
The furniture can[not] be moved.
The furniture can[not] be moved.
The furniture can[not] be moved.
The furniture can[not] be moved.
The furniture can[not] be moved.
The furniture can[not] be moved.
The furniture can[not] be moved.
The furniture can[not] be moved.
The furniture can[not] be moved.
The furniture can[not] be moved.
The furniture can[not] be moved.
The furniture can[not] be moved.
The furniture can[not] be moved.
The furniture can[not] be moved.
The furniture can[not] be moved.
The furniture can[not] be moved.
The furniture can[not] be moved.
The furniture can[not] be moved.
The furniture can[not] be moved.
The furniture can[not] be moved.
The furniture can[not] be moved.
The furniture can[not] be moved.
The furniture can[not] be moved.
The furniture can[not] be moved.
The furniture can[not] be moved.
The furniture can[not] be moved.
The furniture can[not] be moved.
The furniture can[not] be moved.
The furniture can[not] be moved.
The furniture can[not] be moved.
The furniture can[not] be moved.
The furniture can[not] be moved.
The furniture can[not] be moved.
The furniture can[not] be moved.
The furniture can[not] be moved.
The furniture can[not] be moved.
The furniture can[not] be moved.
The furniture can[not] be moved.
The furniture can[not] be moved.
The furniture can[not] be moved.
The furniture can[not] be moved.
The furniture can[not] be moved.
The furniture can[not] be moved.
The furniture can[not] be moved.
The furniture can[not] be moved.
The furniture can[not] be moved.
The furniture can[not] be moved.
The furniture can[not] be moved.
The furniture can[not] be moved.
The furniture can[not] be moved.
The furniture can[not] be moved.
The furniture can[not] be moved.
The furniture can[not] be moved.
The furniture can[not] be moved.
The furniture can[not] be moved.
The furniture can[not] be moved.
The furniture can[not] be moved.
The furniture can[not] be moved.
The furniture can[not] be moved.
The furniture can[not] be moved.
The furniture can[not] be moved.
The furniture can[not] be moved.
The furniture can[not] be moved.
The furniture can[not] be moved.
The furniture can[not] be moved.
The furniture can[not] be moved.
The furniture can[not] be moved.
The furniture can[not] be moved.
The furniture can[not] be moved.
The furniture can[not] be moved.
The furniture can[not] be moved.
The furniture can[not] be moved.
The furniture can[not] be moved.
The furniture can[not] be moved.
The furniture can[not] be moved.
The furniture can[not] be moved.
The furniture can[not] be moved.
The furniture can[not] be moved.
The furniture can[not] be moved.
The furniture can[not] be moved.
The furniture can[not] be moved.
The furniture can[not] be moved.
The furniture can[not] be moved.
The furniture can[not] be moved.
The furniture can[not] be moved.
The furniture can[not] be moved.
The furniture can[not] be moved.
The furniture can[not] be moved.
The furniture can[not] be moved.
The furniture can[not] be moved.
The furniture can[not] be moved.
The furniture can[not] be moved.
The furniture can[not] be moved.
The furniture can[not] be moved.
The furniture can[not] be moved.
The furniture can[not] be moved.
The furniture can[not] be moved.
The furniture can[not] be moved.
The furniture can[not] be moved.
The furniture can[not] be moved.
The furniture can[not] be moved.
The furniture can[not] be moved.
The furniture can[not] be moved.
The furniture can[not] be moved.
The furniture can[not] be moved.
The furniture can[not] be moved.
The furniture can[not] be moved.
The furniture can[not] be moved.
The furniture can[not] be moved.
The furniture can[not] be moved.
The furniture can[not] be moved.
The furniture can[not] be moved.
The furniture can[not] be moved.
The furniture can[not] be moved.
The furniture can[not] be moved.
The furniture can[not] be moved.
The furniture can[not] be moved.
The furniture can[not] be moved.
The furniture can[not] be moved.
The furniture can[not] be moved.
The furniture can[not] be moved.
The furniture can[not] be moved.
The furniture can[not] be moved.
The furniture can[not] be moved.
The furniture can[not] be moved.
The furniture can[not] be moved.
The furniture can[not] be moved.
The furniture can[not] be moved.
The furniture can[not] be moved.
The furniture can[not] be moved.
The furniture can[not] be moved.
The furniture can[not] be moved.
The furniture can[not] be moved.
The furniture can[not] be moved.
The furniture can[not] be moved.
The furniture can[not] be moved.
The furniture can[not] be moved.
The furniture can[not] be moved.
The furniture can[not] be moved.
The furniture can[not] be moved.
The furniture can[not] be moved.
The furniture can[not] be moved.
The furniture can[not] be moved.
The furniture can[not] be moved.
The furniture can[not] be moved.
The furniture can[not] be moved.
The furniture can[not] be moved.
The furniture can[not] be moved.
The furniture can[not] be moved.
The furniture can[not] be moved.
The furniture can[not] be moved.
The furniture can[not] be moved.
The furniture can[not] be moved.
The furniture can[not] be moved.
The furniture can[not] be moved.
The furniture can[not] be moved.
The furniture can[not] be moved.
The furniture can[not] be moved.
The furniture can[not] be moved.
The furniture can[not] be moved.
The furniture can[not] be moved.
The furniture can[not] be moved.
The furniture can[not] be moved.
The furniture can[not] be moved.
The furniture can[not] be moved.
It is [pos]sible to move the furniture.
The furniture can[not] be moved.
It is [pos]sible to move the furniture.
The furniture can[not] be moved.
It is [pos]sible to move the furniture.
It is [pos]sible to move the furniture.
The furniture can[not] be moved.
It is [pos]sible to move the furniture.
It is [pos]sible to move the furniture.
The furniture can[not] be moved.
The furniture can[not] be moved.
It is [pos]sible to move the furniture.
The furniture can[not] be moved.
It is [pos]sible to move the furniture.
It is [pos]sible to move the furniture.
The furniture can[not] be moved.
The furniture can[not] be moved.
The furniture can[not] be moved.
The furniture can[not] be moved.
The furniture can[not] be moved.
The furniture can[not] be moved.
The furniture can[not] be moved.
It is [pos]sible to move the furniture.
It is [pos]sible to move the furniture.
The furniture can[not] be moved.
The furniture can[not] be moved.
The furniture can[not] be moved.
The furniture can[not] be moved.
It is [pos]sible to move the furniture.
The furniture can[not] be moved.
It is [pos]sible to move the furniture.
It is [pos]sible to move the furniture.
It is [pos]sible to move the furniture.
It is [pos]sible to move the furniture.
The furniture can[not] be moved.
The furniture can[not] be moved.
The furniture can[not] be moved.
The furniture can[not] be moved.
The furniture can[not] be moved.
The furniture can[not] be moved.
It is [pos]sible to move the furniture.
The furniture can[not] be moved.
The furniture can[not] be moved.
It is [pos]sible to move the furniture.
It is [pos]sible to move the furniture.
The furniture can[not] be moved.
It is [pos]sible to move the furniture.
The furniture can[not] be moved.
It is [pos]sible to move the furniture.
The furniture can[not] be moved.
The furniture can[not] be moved.
It is [pos]sible to move the furniture.
It is [pos]sible to move the furniture.
It is [pos]sible to move the furniture.
It is [pos]sible to move the furniture.
The furniture can[not] be moved.
It is [pos]sible to move the furniture.
The furniture can[not] be moved.
The furniture can[not] be moved.
It is [pos]sible to move the furniture.
The furniture can[not] be moved.
It is [pos]sible to move the furniture.
It is [pos]sible to move the furniture.
The furniture can[not] be moved.
The furniture can[not] be moved.
The furniture can[not] be moved.
The furniture can[not] be moved.
The furniture can[not] be moved.
The furniture can[not] be moved.
It is [pos]sible to move the furniture.
It is [pos]sible to move the furniture.
It is [pos]sible to move the furniture.
The furniture can[not] be moved.
The furniture can[not] be moved.
The furniture can[not] be moved.
The furniture can[not] be moved.
The furniture can[not] be moved.
It is [pos]sible to move the furniture.
The furniture can[not] be moved.
The furniture can[not] be moved.
It is [pos]sible to move the furniture.
It is [pos]sible to move the furniture.
It is [pos]sible to move the furniture.
It is [pos]sible to move the furniture.
The furniture can[not] be moved.
It is [pos]sible to move the furniture.
It is [pos]sible to move the furniture.
The furniture can[not] be moved.
It is [pos]sible to move the furniture.
The furniture can[not] be moved.
It is [pos]sible to move the furniture.
The furniture can[not] be moved.
It is [pos]sible to move the furniture.
It is [pos]sible to move the furniture.
It is [pos]sible to move the furniture.
The furniture can[not] be moved.
The furniture can[not] be moved.
It is [pos]sible to move the furniture.
It is [pos]sible to move the furniture.
The furniture can[not] be moved.
The furniture can[not] be moved.
The furniture can[not] be moved.
The furniture can[not] be moved.
It is [pos]sible to move the furniture.
The furniture can[not] be moved.
The furniture can[not] be moved.
The furniture can[not] be moved.
The furniture can[not] be moved.
The furniture can[not] be moved.
The furniture can[not] be moved.
It is [pos]sible to move the furniture.
The furniture can[not] be moved.
It is [pos]sible to move the furniture.
The furniture can[not] be moved.
The furniture can[not] be moved.
It is [pos]sible to move the furniture.
It is [pos]sible to move the furniture.
The furniture can[not] be moved.
The furniture can[not] be moved.
It is [pos]sible to move the furniture.
The furniture can[not] be moved.
The furniture can[not] be moved.
It is [pos]sible to move the furniture.
The furniture can[not] be moved.
The furniture can[not] be moved.
The furniture can[not] be moved.
The furniture can[not] be moved.
The furniture can[not] be moved.
The furniture can[not] be moved.
The furniture can[not] be moved.
The furniture can[not] be moved.
It is [pos]sible to move the furniture.
It is [pos]sible to move the furniture.
The furniture can[not] be moved.
The furniture can[not] be moved.
It is [pos]sible to move the furniture.
The furniture can[not] be moved.
The furniture can[not] be moved.
The furniture can[not] be moved.
It is [pos]sible to move the furniture.
It is [pos]sible to move the furniture.
The furniture can[not] be moved.
It is [pos]sible to move the furniture.
It is [pos]sible to move the furniture.
It is [pos]sible to move the furniture.
The furniture can[not] be moved.
The furniture can[not] be moved.
The furniture can[not] be moved.
The furniture can[not] be moved.
The furniture can[not] be moved.
The furniture can[not] be moved.
The furniture can[not] be moved.
The furniture can[not] be moved.
The furniture can[not] be moved.
The furniture can[not] be moved.
The furniture can[not] be moved.
It is [pos]sible to move the furniture.
The furniture can[not] be moved.
The furniture can[not] be moved.
The furniture can[not] be moved.
The furniture can[not] be moved.
The furniture can[not] be moved.
It is [pos]sible to move the furniture.
The furniture can[not] be moved.
The furniture can[not] be moved.
The furniture can[not] be moved.
The furniture can[not] be moved.
The furniture can[not] be moved.
It is [pos]sible to move the furniture.
It is [pos]sible to move the furniture.
It is [pos]sible to move the furniture.
The furniture can[not] be moved.
The furniture can[not] be moved.
The furniture can[not] be moved.
The furniture can[not] be moved.
It is [pos]sible to move the furniture.
The furniture can[not] be moved.
The furniture can[not] be moved.
It is [pos]sible to move the furniture.
It is [pos]sible to move the furniture.
The furniture can[not] be moved.
The furniture can[not] be moved.
It is [pos]sible to move the furniture.
It is [pos]sible to move the furniture.
It is [pos]sible to move the furniture.
The furniture can[not] be moved.
The furniture can[not] be moved.
The furniture can[not] be moved.
It is [pos]sible to move the furniture.
The furniture can[not] be moved.
It is [pos]sible to move the furniture.
The furniture can[not] be moved.
The furniture can[not] be moved.
It is [pos]sible to move the furniture.
The furniture can[not] be moved.
The furniture can[not] be moved.
The furniture can[not] be moved.
It is [pos]sible to move the furniture.
The furniture can[not] be moved.
The furniture can[not] be moved.
The furniture can[not] be moved.
It is [pos]sible to move the furniture.
The furniture can[not] be moved.
It is [pos]sible to move the furniture.
The furniture can[not] be moved.
It is [pos]sible to move the furniture.
The furniture can[not] be moved.
It is [pos]sible to move the furniture.
The furniture can[not] be moved.
It is [pos]sible to move the furniture.
The furniture can[not] be moved.
The furniture can[not] be moved.
It is [pos]sible to move the furniture.
It is [pos]sible to move the furniture.
The furniture can[not] be moved.
The furniture can[not] be moved.
It is [pos]sible to move the furniture.
The furniture can[not] be moved.
It is [pos]sible to move the furniture.
The furniture can[not] be moved.
The furniture can[not] be moved.
The furniture can[not] be moved.
It is [pos]sible to move the furniture.
The furniture can[not] be moved.
It is [pos]sible to move the furniture.
The furniture can[not] be moved.
The furniture can[not] be moved.
The furniture can[not] be moved.
The furniture can[not] be moved.
It is [pos]sible to move the furniture.
It is [pos]sible to move the furniture.
The furniture can[not] be moved.
It is [pos]sible to move the furniture.
The furniture can[not] be moved.
It is [pos]sible to move the furniture.
The furniture can[not] be moved.
The furniture can[not] be moved.
It is [pos]sible to move the furniture.
It is [pos]sible to move the furniture.
The furniture can[not] be moved.
It is [pos]sible to move the furniture.
It is [pos]sible to move the furniture.
It is [pos]sible to move the furniture.
The furniture can[not] be moved.
The furniture can[not] be moved.
The furniture can[not] be moved.
The furniture can[not] be moved.
The furniture can[not] be moved.
The furniture can[not] be moved.
It is [pos]sible to move the furniture.
It is [pos]sible to move the furniture.
The furniture can[not] be moved.
The furniture can[not] be moved.
The furniture can[not] be moved.
The furniture can[not] be moved.
It is [pos]sible to move the furniture.
The furniture can[not] be moved.
The furniture can[not] be moved.
The furniture can[not] be moved.
The furniture can[not] be moved.
The furniture can[not] be moved.
The furniture can[not] be moved.
The furniture can[not] be moved.
The furniture can[not] be moved.
The furniture can[not] be moved.
The furniture can[not] be moved.
It is [pos]sible to move the furniture.
The furniture can[not] be moved.
It is [pos]sible to move the furniture.
The furniture can[not] be moved.
The furniture can[not] be moved.
The furniture can[not] be moved.
It is [pos]sible to move the furniture.
The furniture can[not] be moved.
It is [pos]sible to move the furniture.
The furniture can[not] be moved.
The furniture can[not] be moved.
The furniture can[not] be moved.
It is [pos]sible to move the furniture.
It is [pos]sible to move the furniture.
It is [pos]sible to move the furniture.
It is [pos]sible to move the furniture.
The furniture can[not] be moved.
The furniture can[not] be moved.
The furniture can[not] be moved.
It is [pos]sible to move the furniture.
The furniture can[not] be moved.
It is [pos]sible to move the furniture.
It is [pos]sible to move the furniture.
The furniture can[not] be moved.
The furniture can[not] be moved.
It is [pos]sible to move the furniture.
The furniture can[not] be moved.
The furniture can[not] be moved.
The furniture can[not] be moved.
The furniture can[not] be moved.
It is [pos]sible to move the furniture.
The furniture can[not] be moved.
The furniture can[not] be moved.
It is [pos]sible to move the furniture.
It is [pos]sible to move the furniture.
The furniture can[not] be moved.
The furniture can[not] be moved.
The furniture can[not] be moved.
The furniture can[not] be moved.
The furniture can[not] be moved.
The furniture can[not] be moved.
The furniture can[not] be moved.
It is [pos]sible to move the furniture.
The furniture can[not] be moved.
The furniture can[not] be moved.
The furniture can[not] be moved.
The furniture can[not] be moved.
The furniture can[not] be moved.
It is [pos]sible to move the furniture.
The furniture can[not] be moved.
The furniture can[not] be moved.
The furniture can[not] be moved.
It is [pos]sible to move the furniture.
It is [pos]sible to move the furniture.
It is [pos]sible to move the furniture.
The furniture can[not] be moved.
It is [pos]sible to move the furniture.
The furniture can[not] be moved.
It is [pos]sible to move the furniture.
It is [pos]sible to move the furniture.
It is [pos]sible to move the furniture.
The furniture can[not] be moved.
The furniture can[not] be moved.
The furniture can[not] be moved.
The furniture can[not] be moved.
The furniture can[not] be moved.
It is [pos]sible to move the furniture.
The furniture can[not] be moved.
The furniture can[not] be moved.
The furniture can[not] be moved.
The furniture can[not] be moved.
It is [pos]sible to move the furniture.
The furniture can[not] be moved.
It is [pos]sible to move the furniture.
It is [pos]sible to move the furniture.
It is [pos]sible to move the furniture.
The furniture can[not] be moved.
The furniture can[not] be moved.
The furniture can[not] be moved.
It is [pos]sible to move the furniture.
The furniture can[not] be moved.
The furniture can[not] be moved.
The furniture can[not] be moved.
The furniture can[not] be moved.
The furniture can[not] be moved.
The furniture can[not] be moved.
It is [pos]sible to move the furniture.
It is [pos]sible to move the furniture.
It is [pos]sible to move the furniture.
The furniture can[not] be moved.
It is [pos]sible to move the furniture.
It is [pos]sible to move the furniture.
The furniture can[not] be moved.
The furniture can[not] be moved.
The furniture can[not] be moved.
It is [pos]sible to move the furniture.
It is [pos]sible to move the furniture.
The furniture can[not] be moved.
The furniture can[not] be moved.
It is [pos]sible to move the furniture.
The furniture can[not] be moved.
The furniture can[not] be moved.
The furniture can[not] be moved.
It is [pos]sible to move the furniture.
It is [pos]sible to move the furniture.
The furniture can[not] be moved.
It is [pos]sible to move the furniture.
It is [pos]sible to move the furniture.
The furniture can[not] be moved.
It is [pos]sible to move the furniture.
The furniture can[not] be moved.
The furniture can[not] be moved.
It is [pos]sible to move the furniture.
The furniture can[not] be moved.
It is [pos]sible to move the furniture.
It is [pos]sible to move the furniture.
The furniture can[not] be moved.
It is [pos]sible to move the furniture.
The furniture can[not] be moved.
The furniture can[not] be moved.
The furniture can[not] be moved.
It is [pos]sible to move the furniture.
The furniture can[not] be moved.
It is [pos]sible to move the furniture.
The furniture can[not] be moved.
It is [pos]sible to move the furniture.
The furniture can[not] be moved.
It is [pos]sible to move the furniture.
The furniture can[not] be moved.
The furniture can[not] be moved.
It is [pos]sible to move the furniture.
The furniture can[not] be moved.
The furniture can[not] be moved.
The furniture can[not] be moved.
It is [pos]sible to move the furniture.
The furniture can[not] be moved.
The furniture can[not] be moved.
It is [pos]sible to move the furniture.
The furniture can[not] be moved.
The furniture can[not] be moved.
It is [pos]sible to move the furniture.
The furniture can[not] be moved.
The furniture can[not] be moved.
The furniture can[not] be moved.
The furniture can[not] be moved.
The furniture can[not] be moved.
The furniture can[not] be moved.
The furniture can[not] be moved.
It is [pos]sible to move the furniture.
The furniture can[not] be moved.
It is [pos]sible to move the furniture.
The furniture can[not] be moved.
The furniture can[not] be moved.
It is [pos]sible to move the furniture.
The furniture can[not] be moved.
The furniture can[not] be moved.
It is [pos]sible to move the furniture.
It is [pos]sible to move the furniture.
It is [pos]sible to move the furniture.
It is [pos]sible to move the furniture.
It is [pos]sible to move the furniture.
The furniture can[not] be moved.
The furniture can[not] be moved.
It is [pos]sible to move the furniture.
It is [pos]sible to move the furniture.
It is [pos]sible to move the furniture.
The furniture can[not] be moved.
The furniture can[not] be moved.
The furniture can[not] be moved.
It is [pos]sible to move the furniture.
The furniture can[not] be moved.
It is [pos]sible to move the furniture.
The furniture can[not] be moved.
The furniture can[not] be moved.
The furniture can[not] be moved.
The furniture can[not] be moved.
It is [pos]sible to move the furniture.
It is [pos]sible to move the furniture.
It is [pos]sible to move the furniture.
It is [pos]sible to move the furniture.
It is [pos]sible to move the furniture.
The furniture can[not] be moved.
The furniture can[not] be moved.
It is [pos]sible to move the furniture.
It is [pos]sible to move the furniture.
It is [pos]sible to move the furniture.
The furniture can[not] be moved.
The furniture can[not] be moved.
It is [pos]sible to move the furniture.
It is [pos]sible to move the furniture.
It is [pos]sible to move the furniture.
It is [pos]sible to move the furniture.
It is [pos]sible to move the furniture.
The furniture can[not] be moved.
It is [pos]sible to move the furniture.
The furniture can[not] be moved.
It is [pos]sible to move the furniture.
The furniture can[not] be moved.
The furniture can[not] be moved.
It is [pos]sible to move the furniture.
The furniture can[not] be moved.
The furniture can[not] be moved.
It is [pos]sible to move the furniture.
The furniture can[not] be moved.
The furniture can[not] be moved.
It is [pos]sible to move the furniture.
It is [pos]sible to move the furniture.
It is [pos]sible to move the furniture.
It is [pos]sible to move the furniture.
It is [pos]sible to move the furniture.
It is [pos]sible to move the furniture.
The furniture can[not] be moved.
It is [pos]sible to move the furniture.
It is [pos]sible to move the furniture.
It is [pos]sible to move the furniture.
The furniture can[not] be moved.
The furniture can[not] be moved.
The furniture can[not] be moved.
It is [pos]sible to move the furniture.
It is [pos]sible to move the furniture.
The furniture can[not] be moved.
The furniture can[not] be moved.
The furniture can[not] be moved.
The furniture can[not] be moved.
The furniture can[not] be moved.
The furniture can[not] be moved.
The furniture can[not] be moved.
It is [pos]sible to move the furniture.
The furniture can[not] be moved.
It is [pos]sible to move the furniture.
The furniture can[not] be moved.
The furniture can[not] be moved.
It is [pos]sible to move the furniture.
It is [pos]sible to move the furniture.
The furniture can[not] be moved.
The furniture can[not] be moved.
The furniture can[not] be moved.
It is [pos]sible to move the furniture.
The furniture can[not] be moved.
The furniture can[not] be moved.
It is [pos]sible to move the furniture.
The furniture can[not] be moved.
The furniture can[not] be moved.
It is [pos]sible to move the furniture.
It is [pos]sible to move the furniture.
It is [pos]sible to move the furniture.
The furniture can[not] be moved.
It is [pos]sible to move the furniture.
It is [pos]sible to move the furniture.
It is [pos]sible to move the furniture.
The furniture can[not] be moved.
It is [pos]sible to move the furniture.
The furniture can[not] be moved.
The furniture can[not] be moved.
The furniture can[not] be moved.
The furniture can[not] be moved.
The furniture can[not] be moved.
The furniture can[not] be moved.
The furniture can[not] be moved.
The furniture can[not] be moved.
The furniture can[not] be moved.
It is [pos]sible to move the furniture.
It is [pos]sible to move the furniture.
The furniture can[not] be moved.
The furniture can[not] be moved.
It is [pos]sible to move the furniture.
The furniture can[not] be moved.
The furniture can[not] be moved.
It is [pos]sible to move the furniture.
It is [pos]sible to move the furniture.
It is [pos]sible to move the furniture.
It is [pos]sible to move the furniture.
The furniture can[not] be moved.
It is [pos]sible to move the furniture.
The furniture can[not] be moved.
The furniture can[not] be moved.
The furniture can[not] be moved.
The furniture can[not] be moved.
The furniture can[not] be moved.
It is [pos]sible to move the furniture.
It is [pos]sible to move the furniture.
The furniture can[not] be moved.
It is [pos]sible to move the furniture.
The furniture can[not] be moved.
The furniture can[not] be moved.
It is [pos]sible to move the furniture.
The furniture can[not] be moved.
The furniture can[not] be moved.
It is [pos]sible to move the furniture.
The furniture can[not] be moved.
The furniture can[not] be moved.
It is [pos]sible to move the furniture.
It is [pos]sible to move the furniture.
The furniture can[not] be moved.
It is [pos]sible to move the furniture.
The furniture can[not] be moved.
The furniture can[not] be moved.
It is [pos]sible to move the furniture.
It is [pos]sible to move the furniture.
The furniture can[not] be moved.
The furniture can[not] be moved.
The furniture can[not] be moved.
It is [pos]sible to move the furniture.
It is [pos]sible to move the furniture.
The furniture can[not] be moved.
The furniture can[not] be moved.
The furniture can[not] be moved.
It is [pos]sible to move the furniture.
It is [pos]sible to move the furniture.
The furniture can[not] be moved.
The furniture can[not] be moved.
It is [pos]sible to move the furniture.
The furniture can[not] be moved.
The furniture can[not] be moved.
The furniture can[not] be moved.
The furniture can[not] be moved.
It is [pos]sible to move the furniture.
The furniture can[not] be moved.
The furniture can[not] be moved.
The furniture can[not] be moved.
The furniture can[not] be moved.
The furniture can[not] be moved.
It is [pos]sible to move the furniture.
The furniture can[not] be moved.
The furniture can[not] be moved.
The furniture can[not] be moved.
It is [pos]sible to move the furniture.
The furniture can[not] be moved.
It is [pos]sible to move the furniture.
It is [pos]sible to move the furniture.
The furniture can[not] be moved.
The furniture can[not] be moved.
It is [pos]sible to move the furniture.
It is [pos]sible to move the furniture.
The furniture can[not] be moved.
It is [pos]sible to move the furniture.
The furniture can[not] be moved.
It is [pos]sible to move the furniture.
It is [pos]sible to move the furniture.
It is [pos]sible to move the furniture.
It is [pos]sible to move the furniture.
It is [pos]sible to move the furniture.
The furniture can[not] be moved.
It is [pos]sible to move the furniture.
It is [pos]sible to move the furniture.
It is [pos]sible to move the furniture.
The furniture can[not] be moved.
The furniture can[not] be moved.
It is [pos]sible to move the furniture.
The furniture can[not] be moved.
The furniture can[not] be moved.
It is [pos]sible to move the furniture.
The furniture can[not] be moved.
The furniture can[not] be moved.
It is [pos]sible to move the furniture.
It is [pos]sible to move the furniture.
The furniture can[not] be moved.
The furniture can[not] be moved.
The furniture can[not] be moved.
It is [pos]sible to move the furniture.
It is [pos]sible to move the furniture.
It is [pos]sible to move the furniture.
The furniture can[not] be moved.
The furniture can[not] be moved.
It is [pos]sible to move the furniture.
The furniture can[not] be moved.
It is [pos]sible to move the furniture.
It is [pos]sible to move the furniture.
It is [pos]sible to move the furniture.
The furniture can[not] be moved.
The furniture can[not] be moved.
It is [pos]sible to move the furniture.
It is [pos]sible to move the furniture.
It is [pos]sible to move the furniture.
It is [pos]sible to move the furniture.
It is [pos]sible to move the furniture.
The furniture can[not] be moved.
The furniture can[not] be moved.
The furniture can[not] be moved.
It is [pos]sible to move the furniture.
It is [pos]sible to move the furniture.
It is [pos]sible to move the furniture.
It is [pos]sible to move the furniture.
The furniture can[not] be moved.
It is [pos]sible to move the furniture.
It is [pos]sible to move the furniture.
It is [pos]sible to move the furniture.
It is [pos]sible to move the furniture.
It is [pos]sible to move the furniture.
It is [pos]sible to move the furniture.
It is [pos]sible to move the furniture.
It is [pos]sible to move the furniture.
The furniture can[not] be moved.
The furniture can[not] be moved.
It is [pos]sible to move the furniture.
The furniture can[not] be moved.
It is [pos]sible to move the furniture.
The furniture can[not] be moved.
The furniture can[not] be moved.
The furniture can[not] be moved.
It is [pos]sible to move the furniture.
It is [pos]sible to move the furniture.
It is [pos]sible to move the furniture.
The furniture can[not] be moved.
The furniture can[not] be moved.
The furniture can[not] be moved.
It is [pos]sible to move the furniture.
The furniture can[not] be moved.
The furniture can[not] be moved.
It is [pos]sible to move the furniture.
It is [pos]sible to move the furniture.
The furniture can[not] be moved.
It is [pos]sible to move the furniture.
The furniture can[not] be moved.
The furniture can[not] be moved.
The furniture can[not] be moved.
The furniture can[not] be moved.
The furniture can[not] be moved.
It is [pos]sible to move the furniture.
It is [pos]sible to move the furniture.
It is [pos]sible to move the furniture.
The furniture can[not] be moved.
The furniture can[not] be moved.
The furniture can[not] be moved.
The furniture can[not] be moved.
The furniture can[not] be moved.
The furniture can[not] be moved.
It is [pos]sible to move the furniture.
The furniture can[not] be moved.
It is [pos]sible to move the furniture.
The furniture can[not] be moved.
It is [pos]sible to move the furniture.
The furniture can[not] be moved.
The furniture can[not] be moved.
The furniture can[not] be moved.
It is [pos]sible to move the furniture.
The furniture can[not] be moved.
The furniture can[not] be moved.
The furniture can[not] be moved.
The furniture can[not] be moved.
The furniture can[not] be moved.
The furniture can[not] be moved.
The furniture can[not] be moved.
It is [pos]sible to move the furniture.
It is [pos]sible to move the furniture.
It is [pos]sible to move the furniture.
The furniture can[not] be moved.
It is [pos]sible to move the furniture.
The furniture can[not] be moved.
It is [pos]sible to move the furniture.
The furniture can[not] be moved.
The furniture can[not] be moved.
It is [pos]sible to move the furniture.
It is [pos]sible to move the furniture.
The furniture can[not] be moved.
It is [pos]sible to move the furniture.
It is [pos]sible to move the furniture.
The furniture can[not] be moved.
The furniture can[not] be moved.
The furniture can[not] be moved.
It is [pos]sible to move the furniture.
It is [pos]sible to move the furniture.
The furniture can[not] be moved.
The furniture can[not] be moved.
The furniture can[not] be moved.
The furniture can[not] be moved.
The furniture can[not] be moved.
The furniture can[not] be moved.
It is [pos]sible to move the furniture.
The furniture can[not] be moved.
It is [pos]sible to move the furniture.
It is [pos]sible to move the furniture.
The furniture can[not] be moved.
The furniture can[not] be moved.
The furniture can[not] be moved.
It is [pos]sible to move the furniture.
It is [pos]sible to move the furniture.
The furniture can[not] be moved.
It is [pos]sible to move the furniture.
The furniture can[not] be moved.
It is [pos]sible to move the furniture.
The furniture can[not] be moved.
The furniture can[not] be moved.
The furniture can[not] be moved.
It is [pos]sible to move the furniture.
It is [pos]sible to move the furniture.
The furniture can[not] be moved.
The furniture can[not] be moved.
The furniture can[not] be moved.
The furniture can[not] be moved.
The furniture can[not] be moved.
The furniture can[not] be moved.
The furniture can[not] be moved.
It is [pos]sible to move the furniture.
The furniture can[not] be moved.
The furniture can[not] be moved.
The furniture can[not] be moved.
The furniture can[not] be moved.
The furniture can[not] be moved.
It is [pos]sible to move the furniture.
It is [pos]sible to move the furniture.
It is [pos]sible to move the furniture.
The furniture can[not] be moved.
It is [pos]sible to move the furniture.
It is [pos]sible to move the furniture.
The furniture can[not] be moved.
The furniture can[not] be moved.
The furniture can[not] be moved.
The furniture can[not] be moved.
It is [pos]sible to move the furniture.
It is [pos]sible to move the furniture.
It is [pos]sible to move the furniture.
The furniture can[not] be moved.
The furniture can[not] be moved.
The furniture can[not] be moved.
The furniture can[not] be moved.
It is [pos]sible to move the furniture.
The furniture can[not] be moved.
The furniture can[not] be moved.
It is [pos]sible to move the furniture.
It is [pos]sible to move the furniture.
The furniture can[not] be moved.
It is [pos]sible to move the furniture.
The furniture can[not] be moved.
The furniture can[not] be moved.
It is [pos]sible to move the furniture.
The furniture can[not] be moved.
The furniture can[not] be moved.
It is [pos]sible to move the furniture.
It is [pos]sible to move the furniture.
It is [pos]sible to move the furniture.
It is [pos]sible to move the furniture.
The furniture can[not] be moved.
The furniture can[not] be moved.
The furniture can[not] be moved.
The furniture can[not] be moved.
It is [pos]sible to move the furniture.
It is [pos]sible to move the furniture.
It is [pos]sible to move the furniture.
It is [pos]sible to move the furniture.
The furniture can[not] be moved.
The furniture can[not] be moved.
It is [pos]sible to move the furniture.
The furniture can[not] be moved.
It is [pos]sible to move the furniture.
It is [pos]sible to move the furniture.
It is [pos]sible to move the furniture.
It is [pos]sible to move the furniture.
It is [pos]sible to move the furniture.
It is [pos]sible to move the furniture.
The furniture can[not] be moved.
It is [pos]sible to move the furniture.
It is [pos]sible to move the furniture.
The furniture can[not] be moved.
It is [pos]sible to move the furniture.
It is [pos]sible to move the furniture.
The furniture can[not] be moved.
It is [pos]sible to move the furniture.
It is [pos]sible to move the furniture.
The furniture can[not] be moved.
The furniture can[not] be moved.
It is [pos]sible to move the furniture.
The furniture can[not] be moved.
The furniture can[not] be moved.
The furniture can[not] be moved.
It is [pos]sible to move the furniture.
The furniture can[not] be moved.
The furniture can[not] be moved.
The furniture can[not] be moved.
It is [pos]sible to move the furniture.
It is [pos]sible to move the furniture.
It is [pos]sible to move the furniture.
It is [pos]sible to move the furniture.
The furniture can[not] be moved.
It is [pos]sible to move the furniture.
The furniture can[not] be moved.
It is [pos]sible to move the furniture.
It is [pos]sible to move the furniture.
The furniture can[not] be moved.
It is [pos]sible to move the furniture.
The furniture can[not] be moved.
The furniture can[not] be moved.
The furniture can[not] be moved.
The furniture can[not] be moved.
The furniture can[not] be moved.
It is [pos]sible to move the furniture.
It is [pos]sible to move the furniture.
The furniture can[not] be moved.
It is [pos]sible to move the furniture.
The furniture can[not] be moved.
The furniture can[not] be moved.
The furniture can[not] be moved.
It is [pos]sible to move the furniture.
The furniture can[not] be moved.
It is [pos]sible to move the furniture.
The furniture can[not] be moved.
The furniture can[not] be moved.
The furniture can[not] be moved.
It is [pos]sible to move the furniture.
The furniture can[not] be moved.
It is [pos]sible to move the furniture.
The furniture can[not] be moved.
The furniture can[not] be moved.
The furniture can[not] be moved.
It is [pos]sible to move the furniture.
It is [pos]sible to move the furniture.
The furniture can[not] be moved.
It is [pos]sible to move the furniture.
It is [pos]sible to move the furniture.
The furniture can[not] be moved.
The furniture can[not] be moved.
It is [pos]sible to move the furniture.
The furniture can[not] be moved.
The furniture can[not] be moved.
It is [pos]sible to move the furniture.
It is [pos]sible to move the furniture.
The furniture can[not] be moved.
The furniture can[not] be moved.
The furniture can[not] be moved.
It is [pos]sible to move the furniture.
The furniture can[not] be moved.
It is [pos]sible to move the furniture.
It is [pos]sible to move the furniture.
It is [pos]sible to move the furniture.
It is [pos]sible to move the furniture.
The furniture can[not] be moved.
The furniture can[not] be moved.
The furniture can[not] be moved.
The furniture can[not] be moved.
The furniture can[not] be moved.
The furniture can[not] be moved.
The furniture can[not] be moved.
It is [pos]sible to move the furniture.
The furniture can[not] be moved.
The furniture can[not] be moved.
It is [pos]sible to move the furniture.
The furniture can[not] be moved.
It is [pos]sible to move the furniture.
The furniture can[not] be moved.
It is [pos]sible to move the furniture.
The furniture can[not] be moved.
It is [pos]sible to move the furniture.
The furniture can[not] be moved.
The furniture can[not] be moved.
The furniture can[not] be moved.
It is [pos]sible to move the furniture.
It is [pos]sible to move the furniture.
It is [pos]sible to move the furniture.
The furniture can[not] be moved.
It is [pos]sible to move the furniture.
The furniture can[not] be moved.
The furniture can[not] be moved.
The furniture can[not] be moved.
The furniture can[not] be moved.
It is [pos]sible to move the furniture.
It is [pos]sible to move the furniture.
The furniture can[not] be moved.
The furniture can[not] be moved.
The furniture can[not] be moved.
The furniture can[not] be moved.
It is [pos]sible to move the furniture.
The furniture can[not] be moved.
The furniture can[not] be moved.
It is [pos]sible to move the furniture.
The furniture can[not] be moved.
The furniture can[not] be moved.
The furniture can[not] be moved.
The furniture can[not] be moved.
It is [pos]sible to move the furniture.
It is [pos]sible to move the furniture.
The furniture can[not] be moved.
It is [pos]sible to move the furniture.
It is [pos]sible to move the furniture.
The furniture can[not] be moved.
The furniture can[not] be moved.
The furniture can[not] be moved.
The furniture can[not] be moved.
The furniture can[not] be moved.
The furniture can[not] be moved.
The furniture can[not] be moved.
The furniture can[not] be moved.
The furniture can[not] be moved.
It is [pos]sible to move the furniture.
It is [pos]sible to move the furniture.
It is [pos]sible to move the furniture.
The furniture can[not] be moved.
It is [pos]sible to move the furniture.
The furniture can[not] be moved.
The furniture can[not] be moved.
The furniture can[not] be moved.
It is [pos]sible to move the furniture.
The furniture can[not] be moved.
The furniture can[not] be moved.
The furniture can[not] be moved.
It is [pos]sible to move the furniture.
The furniture can[not] be moved.
The furniture can[not] be moved.
It is [pos]sible to move the furniture.
It is [pos]sible to move the furniture.
The furniture can[not] be moved.
The furniture can[not] be moved.
It is [pos]sible to move the furniture.
It is [pos]sible to move the furniture.
It is [pos]sible to move the furniture.
It is [pos]sible to move the furniture.
The furniture can[not] be moved.
The furniture can[not] be moved.
It is [pos]sible to move the furniture.
The furniture can[not] be moved.
The furniture can[not] be moved.
It is [pos]sible to move the furniture.
It is [pos]sible to move the furniture.
It is [pos]sible to move the furniture.
It is [pos]sible to move the furniture.
The furniture can[not] be moved.
The furniture can[not] be moved.
The furniture can[not] be moved.
The furniture can[not] be moved.
The furniture can[not] be moved.
The furniture can[not] be moved.
The furniture can[not] be moved.
It is [pos]sible to move the furniture.
The furniture can[not] be moved.
The furniture can[not] be moved.
