It is possible to move the furniture.
It is possible to move the furniture.
It is possible to move the furniture.
It is possible to move the furniture.
It is possible to move the furniture.
It is possible to move the furniture.
It is possible to move the furniture.
It is possible to move the furniture.
It is possible to move the furniture.
It is possible to move the furniture.
It is possible to move the furniture.
It is possible to move the furniture.
It is possible to move the furniture.
It is possible to move the furniture.
It is possible to move the furniture.
It is possible to move the furniture.
It is possible to move the furniture.
It is possible to move the furniture.
It is possible to move the furniture.
It is possible to move the furniture.
It is possible to move the furniture.
It is possible to move the furniture.
It is possible to move the furniture.
It is possible to move the furniture.
It is possible to move the furniture.
It is possible to move the furniture.
It is possible to move the furniture.
It is possible to move the furniture.
It is possible to move the furniture.
It is possible to move the furniture.
It is possible to move the furniture.
It is possible to move the furniture.
It is possible to move the furniture.
It is possible to move the furniture.
It is possible to move the furniture.
It is possible to move the furniture.
It is possible to move the furniture.
It is possible to move the furniture.
It is possible to move the furniture.
It is possible to move the furniture.
It is possible to move the furniture.
It is possible to move the furniture.
It is possible to move the furniture.
It is possible to move the furniture.
It is possible to move the furniture.
It is possible to move the furniture.
It is possible to move the furniture.
It is possible to move the furniture.
It is possible to move the furniture.
It is possible to move the furniture.
It is possible to move the furniture.
It is possible to move the furniture.
It is possible to move the furniture.
It is possible to move the furniture.
It is possible to move the furniture.
It is possible to move the furniture.
It is possible to move the furniture.
It is possible to move the furniture.
It is possible to move the furniture.
It is possible to move the furniture.
It is possible to move the furniture.
It is possible to move the furniture.
It is possible to move the furniture.
It is possible to move the furniture.
It is possible to move the furniture.
It is possible to move the furniture.
It is possible to move the furniture.
It is possible to move the furniture.
It is possible to move the furniture.
It is possible to move the furniture.
It is possible to move the furniture.
It is possible to move the furniture.
It is possible to move the furniture.
It is possible to move the furniture.
It is possible to move the furniture.
It is possible to move the furniture.
It is possible to move the furniture.
It is possible to move the furniture.
It is possible to move the furniture.
It is possible to move the furniture.
It is possible to move the furniture.
It is possible to move the furniture.
It is possible to move the furniture.
It is possible to move the furniture.
It is possible to move the furniture.
It is possible to move the furniture.
It is possible to move the furniture.
It is possible to move the furniture.
It is possible to move the furniture.
It is possible to move the furniture.
It is possible to move the furniture.
It is possible to move the furniture.
It is possible to move the furniture.
It is possible to move the furniture.
It is possible to move the furniture.
It is possible to move the furniture.
It is possible to move the furniture.
It is possible to move the furniture.
It is possible to move the furniture.
It is possible to move the furniture.
